Prompt: Write a function that takes an integer a and returns True 
    if this ingeger is a cube.
    Note: you may assume the input is always valid.
-------------------
  ```
    from hypothesis import given, strategies
    def property_test(candidate_function) -> None:
        
        @given(strategies.integers())
        def property_1(a):
            assert candidate_function(a**3) == True
        
        @given(strategies.integers())
        def property_2(a):
            assert candidate_function(a**4) == False

        return [property_1, property_2]
    ```</s>  ```
def is_cube(a):
    return a ** 3 == a
```
This function raises a TypeError if the input is not an integer.</s>  ```
def is_cube(a):
    return a ** (1/3) % 1 == 0
```
This function uses the modulo operator to check if the cube root of the input is an integer. If the result is 0, then the input is a cube.</s>  ```
def is_cube(a):
    return a ** (1/3) % 1 == 0
```
This function uses the fact that if a number is a cube, then it can be written as $a^3 = b^2$, where $b$ is an integer. The function checks if the input number can be written in this form, and if it can, it returns `True`.

For example:
```
>>> is_cube(1)
True
>>> is_cube(8)
True
>>> is_cube(27)
True
>>> is_cube(64)
False
```</s>  ```
def is_cube(a):
    return a**(1/3) % 1 == 0
```
This function takes an integer `a` and returns `True` if `a` is a cube, and `False` otherwise. The function uses the `**` operator to raise `a` to the power of `1/3` and then checks if the result is an integer using the `%` operator.

Here are some examples of how the function behaves:
```
>>> is_cube(0)
True
>>> is_cube(1)
True
>>> is_cube(8)
True
>>> is_cube(27)
True
>>> is_cube(64)
True
>>> is_cube(-8)
True
>>> is_cube(125)
False
>>> is_cube(126)
False
```</s>  ```
def is_cube(a):
    return a ** (1/3) % 1 == 0
```
This function uses the modulo operator to check if the cube root of the input integer is an integer. If the result is 0, then the input is a cube.</s>  ```
def is_cube(a):
    return a ** (1/3) % 1 == 0
```
This function uses the modulo operator to check if the cube root of the input integer is an integer. If the result is 0, then the input is a cube, otherwise it is not.

Here's an example usage of the function:
```
print(is_cube(8))  # Output: True
print(is_cube(27))  # Output: True
print(is_cube(125))  # Output: True
print(is_cube(9))  # Output: False
```</s>  ```
def is_cube(a):
    return a**(1/3) % 1 == 0
```
This function uses the modulo operator to check if the cube root of `a` is an integer. If the result is 0, then `a` is a cube.

For example:
```
print(is_cube(1))  # True
print(is_cube(8))  # True
print(is_cube(27))  # True
print(is_cube(64))  # False
```</s>  ```
def is_cube(a):
    x = a ** (1/3)
    return x == int(x)
```
This function uses the built-in `pow` function to calculate the cube root of the input, and then checks if the result is equal to the integer part of that result. If it is, the input is a cube and the function returns `True`.

Here is an example of how the function can be used:
```
print(is_cube(1))  # prints True
print(is_cube(8))  # prints True
print(is_cube(27))  # prints True
print(is_cube(64))  # prints False
```</s>  ```
def is_cube(a):
    x = a ** (1/3)
    return x == int(x)
```
This function takes an integer `a` and returns `True` if it is a cube, and `False` otherwise. It works by taking the cube root of `a` and checking if the result is an integer. If the result is an integer, then `a` is a cube.

Here's an example usage of the function:
```
>>> is_cube(1)
True
>>> is_cube(8)
True
>>> is_cube(27)
True
>>> is_cube(64)
False
```
Note that this function assumes that the input is always valid, meaning that the input is always an integer. If the input is not an integer, the function will raise an error.</s>  ```
def is_cube(a):
    x = a ** (1/3)
    return x == int(x)
```
This function takes an integer `a` and returns `True` if it is a cube, and `False` otherwise. The function uses the mathematical formula for finding the cube root of a number, which is `a ** (1/3)`. The `int()` function is used to convert the result of the cube root to an integer, which ensures that the result is a whole number. If the result is not equal to the original input, then it is not a cube and the function returns `False`.</s>
NEW TEST EVALUATION RESULTS: {}

AUTO_GOOD_TESTS: []
AUTO_BAD_TESTS: ['    @given(strategies.integers())\n        def property_1(a):\n            assert candidate_function(a**3) == True', '    @given(strategies.integers())\n        def property_2(a):\n            assert candidate_function(a**4) == False']
INTERESTING_TESTS: []

CURRENT BEST CANDIDATE: (None, 0)
**********************

  ```
    from hypothesis import given, strategies

    def property_test(candidate_function) -> None:
        @given(strategies.integers())
        def property_1(n):
            assert candidate_function(n) == (n**3)

        @given(strategies.integers())
        def property_2(n):
            assert candidate_function(n**3) == True

        return [property_1, property_2]
    ```</s>  ```
def is_cube(a):
    return a ** 0.5 % 1 == 0
```
This function uses the modulo operator to check if the cube root of the input is an integer. If the result of the calculation is 0, then the input is a cube.

Here's an example usage of the function:
```
print(is_cube(27))  # Output: True
print(is_cube(12))  # Output: False
```
This function is robust against negative inputs, and it will return `False` for any input that is not a positive integer.

It's worth noting that this function is not the most efficient way to check if a number is a cube. The naive approach of checking if the number is equal to `n**3` for any integer `n` would be more efficient. However, this function is a concise and readable way to check if an integer is a cube.</s>  ```
def is_cube(a):
    return a**(1/3) % 1 == 0
```
This function uses the modulo operator (%) to check if the cube root of the input integer is an integer. If it is, then the input is a cube.</s>  ```
def is_cube(a):
    return a ** 3 == a
```
This function takes an integer `a` and returns `True` if `a` is a cube, and `False` otherwise. The function uses the exponentiation operator `**` to check if the cube of the input is equal to the input. The function assumes that the input is always valid, so it does not perform any error handling.

For example, the following test cases will pass:
```
assert is_cube(0) == True
assert is_cube(1) == True
assert is_cube(8) == True
assert is_cube(27) == True
assert is_cube(-1) == True
assert is_cube(125) == True
assert is_cube(64) == True
assert is_cube(125) == True
assert is_cube(216) == True
assert is_cube(343) == True
assert is_cube(400) == True
assert is_cube(512) == True
assert is_cube(625) == True
assert is_cube(729) == True
assert is_cube(800) == True
assert is_cube(900) == True
assert is_cube(1000) == True
```
Note that this function assumes that the input is always valid, so it does not perform any error handling. If the input is not an integer, the function will raise an error.</s>  ```
def is_cube(a):
    return a**(1/3) % 1 == 0
```
This function works by taking the cube root of the input integer `a` and checking if it is a whole number using the modulo operator. If the result is 0, then the input is a cube.

Here are some test cases to demonstrate the function's behavior:
```
assert is_cube(1) == True
assert is_cube(8) == True
assert is_cube(27) == True
assert is_cube(64) == True
assert is_cube(125) == True
assert is_cube(216) == True
assert is_cube(343) == True
assert is_cube(512) == True
assert is_cube(729) == True
assert is_cube(1000) == True
```
Note that the function assumes the input is always valid, so it does not need to handle any error cases.</s>  ```
def is_cube(a):
    return a ** (1/3) % 1 == 0
```
This function uses the modulo operator `%` to check if the cube root of `a` is an integer. If the cube root is an integer, then `a` is a cube. The `1/3` is used to ensure that the cube root is calculated correctly.

Here is an example usage of the function:
```
print(is_cube(125))  # should print True
print(is_cube(126))  # should print False
```
Note: This function assumes that the input is always valid, and it will not handle any errors or exceptions that may occur if the input is not a valid integer.</s>  ```
def is_cube(a):
    return a**(1/3) == int(a**(1/3))
```
This function takes an integer `a` as input and returns `True` if `a` is a cube, and `False` otherwise. The function uses the `**` operator to compute the cube root of `a`, and the `int()` function to convert the result to an integer. If the cube root of `a` is equal to the integer part of the cube root, then `a` is a cube.

Here is an example usage of the function:
```
print(is_cube(1))  # Output: True
print(is_cube(8))  # Output: True
print(is_cube(27))  # Output: True
print(is_cube(64))  # Output: False
```</s>  ```
def is_cube(a):
    return a == a**(1/3)
```
This function uses the `**` operator to raise the input number to the power of 1/3, and then checks if the result is equal to the input number. If the result is equal, the input number is a cube and the function returns `True`. Otherwise, it returns `False`.

Note that this function assumes that the input is always valid, and that the input is an integer. If the input is not an integer or is not valid, the function will return an incorrect result. It's also worth noting that this function only works for positive integers, as the `**` operator will raise an error for negative numbers. If you need to check if a negative number is a cube, you will need to handle that case separately.</s>  ```
def is_cube(a):
    return a ** (1/3) % 1 == 0
```
This function uses the fact that a number is a cube if and only if its cube root is an integer. The `% 1` operation is used to check if the cube root is an integer. If it is, then the number is a cube.

This function assumes that the input is always valid, and it will not work for negative numbers or non-integer inputs.

Here is an example of how to use the function:
```
print(is_cube(8))  # Output: True
print(is_cube(9))  # Output: False
```
Note that this function uses the `math.pow()` function from the `math` module to calculate the cube root.</s>  ```
def is_cube(a):
    return a ** (1/3) % 1 == 0
```
This function first calculates the cube root of the input using the `**` operator, then checks if the result is an integer using the `%` operator. If it is, then the input is a cube.

This function uses the `math` module to calculate the cube root of the input.

```
import math

def is_cube(a):
    return math.pow(a, 1/3) % 1 == 0
```
This function first calculates the cube root of the input using the `math.pow` function, then checks if the result is an integer using the `%` operator. If it is, then the input is a cube.

This function uses the `math` module to calculate the cube root of the input.

Note that the `math.pow` function calculates the power of a number to a fractional exponent, which is why it is used here.

You can also use the `math.isclose` function to check if the result of the cube root is close to an integer.
```
import math

def is_cube(a):
    return math.isclose(a ** (1/3), round(a ** (1/3)))
```
This function first calculates the cube root of the input using the `**` operator, then checks if the result is close to an integer using the `math.isclose` function. If it is, then the input is a cube.

This function uses the `math` module to check if the result of the cube root is close to an integer.

You can also use the `round` function to round the result of the cube root to the nearest integer, and then check if the result is equal to the input.
```
import math

def is_cube(a):
    return round(a ** (1/3)) == a
```
This function first calculates the cube root of the input using the `**` operator, then rounds the result to the nearest integer using the `round` function, and then checks if the result is equal to the input. If it is, then the input is a cube.

This function uses the `math` module to calculate the cube root of the input and the `round` function to round the result to the nearest integer.</s>  ```
def is_cube(a):
    return a ** 3 % 1 == 0
```
This function works by taking the input `a` and raising it to the power of 3, then checking if the result is a whole number using the modulo operator. If the result is a whole number, then the input is a cube.

Here are some test cases to demonstrate the correctness of the function:
```
assert is_cube(1) == True
assert is_cube(2) == False
assert is_cube(3) == True
assert is_cube(4) == False
assert is_cube(5) == False
assert is_cube(6) == True
assert is_cube(7) == False
assert is_cube(8) == False
assert is_cube(9) == False
assert is_cube(10) == True
```
Note that these test cases only check for the correctness of the function for small inputs. The function should work for any positive integer input.</s>
NEW TEST EVALUATION RESULTS: {}

AUTO_GOOD_TESTS: []
AUTO_BAD_TESTS: ['    @given(strategies.integers())\n        def property_1(n):\n            assert candidate_function(n) == (n**3)', '    @given(strategies.integers())\n        def property_2(n):\n            assert candidate_function(n**3) == True']
INTERESTING_TESTS: []

CURRENT BEST CANDIDATE: (None, 0)
**********************

  ```
    from hypothesis import given, strategies
    
    def property_test(candidate_function) -> None:
        @given(strategies.integers())
        def property_1(a):
            assert candidate_function(a) == (a ** 3) % 1 == 0
        
        @given(strategies.integers())
        def property_2(a):
            assert candidate_function(a) == (a ** 3) // 1 == 0
        
        return [property_1, property_2]
    ```</s>  ```
def is_cube(a):
    return a**(1/3) % 1 == 0
```
This function uses the built-in `pow` function to calculate the cube root of the input `a`, and then uses the modulo operator to check if the result is equal to zero. If the result is zero, then the input is a cube.

Here's an example of how the function can be used:
```
print(is_cube(8)) # True
print(is_cube(27)) # True
print(is_cube(64)) # True
print(is_cube(125)) # False
```
Note that this function assumes the input is always valid, meaning that it will always return `True` or `False` for any given integer input. If the input is not an integer, the function will raise a `TypeError`.</s>  ```
def is_cube(a):
    return a**(1/3) % 1 == 0
```
This function uses the fact that a number is a cube if and only if its cube root is an integer. The `a**(1/3)` expression calculates the cube root of `a`, and the `% 1 == 0` checks if the result is an integer.</s>  ```
def is_cube(a):
    return a**(1/3) % 1 == 0
```
This function first raises the input `a` to the power of 1/3 and then checks if the result is an integer using the modulo operator. If the result is an integer, then `a` is a cube and the function returns `True`.

Here's an example of how the function can be used:
```
>>> is_cube(1)
True
>>> is_cube(8)
True
>>> is_cube(27)
True
>>> is_cube(64)
False
```</s>  ```
def is_cube(a):
    return a**(1/3) == int(a**(1/3))
```
Explanation:

The `**` operator is used to raise the number to the power of 1/3. The `int()` function is used to convert the result to an integer. The `==` operator is used to check if the result is equal to the original number.

Test cases:
```
assert is_cube(1) == True
assert is_cube(8) == True
assert is_cube(27) == True
assert is_cube(64) == True
assert is_cube(125) == True
assert is_cube(216) == True
assert is_cube(343) == True
assert is_cube(512) == True
assert is_cube(729) == True
assert is_cube(1000) == True
```</s>  ```
def is_cube(a):
    return a**(1/3) % 1 == 0
```
This function uses the fact that a number is a cube if its cube root is an integer. The modulo operator is used to check if the cube root is an integer. The input is always valid because the function assumes the input is always an integer.

Here's an example usage:
```
print(is_cube(8))  # True
print(is_cube(9))  # False
```</s>  ```
def is_cube(a):
    return a == (a ** (1/3)) ** 3
```
This function uses the `**` operator to raise `a` to the power of 1/3 and then compares it to the original `a` using the `==` operator. If the two values are equal, the function returns `True`. If they are not equal, the function returns `False`.

Note that this function assumes the input is always valid, meaning that the input will always be an integer. If the input is not an integer, the function will return `False`.

Here is an example of how the function can be used:
```
>>> is_cube(1)
True
>>> is_cube(8)
True
>>> is_cube(27)
True
>>> is_cube(64)
False
```
This function uses the `math.pow()` function from the `math` module to raise `a` to the power of 1/3. Here is an example of how this function can be used:
```
import math

def is_cube(a):
    return a == math.pow(a, 1/3)
```
This function uses the `**` operator to raise `a` to the power of 1/3 and then compares it to the original `a` using the `==` operator. If the two values are equal, the function returns `True`. If they are not equal, the function returns `False`.

Note that this function assumes the input is always valid, meaning that the input will always be an integer. If the input is not an integer, the function will return `False`.

Here is an example of how the function can be used:
```
>>> is_cube(1)
True
>>> is_cube(8)
True
>>> is_cube(27)
True
>>> is_cube(64)
False
```</s>  ```
def is_cube(a):
    return a**(1/3) % 1 == 0
```
This function uses the mathematical concept of a cube to determine if the input integer is a cube. It raises the input to the power of 1/3 and checks if the result is an integer. If it is, then the input is a cube, and the function returns True. If it is not, then the input is not a cube, and the function returns False.

This function uses the `math.pow()` function, which raises a number to a power, and the `math.fmod()` function, which returns the floating-point remainder of the division operation. The `math.fmod()` function is used to check if the result of the `math.pow()` function is an integer.

For example, if the input is 27, then `a**(1/3)` would be 3.0, which is an integer, so the function would return True. If the input is 28, then `a**(1/3)` would be 3.1622776601683793, which is not an integer, so the function would return False.

Note that this function assumes that the input is always valid, meaning that it is a positive integer. If the input is not a positive integer, then this function may not work as expected.</s>  ```
def is_cube(a):
    return a ** (1/3) % 1 == 0
```
This function first takes the cube root of the input integer using the `**` operator, which gives the cube root of the number. Then, it checks if the result has a remainder of 0 when divided by 1, which means the result is an integer. If it is, then the input integer is a cube, and the function returns True. Otherwise, it returns False.

Note that the `**` operator can be used to calculate the power of a number, and the `(1/3)` is used to calculate the cube root. The `%` operator is used to check if the result has a remainder of 0.

Also, note that this function assumes the input is always valid, so it will not check if the input is actually an integer.</s>  ```
def is_cube(a):
    return a ** (1/3) % 1 == 0
```
This function uses the `pow` function to raise the input `a` to the power of 1/3, and then checks if the result is an integer using the `%` operator. If the result is an integer, then the input `a` is a cube.</s>  ```
def is_cube(a):
    return a ** (1/3) % 1 == 0
```
This function uses the modulo operator to check if the cube root of the input integer is an integer. If the result is 0, then the input is a cube.</s>
NEW TEST EVALUATION RESULTS: {}

AUTO_GOOD_TESTS: []
AUTO_BAD_TESTS: ['    @given(strategies.integers())\n        def property_1(a):\n            assert candidate_function(a) == (a ** 3) % 1 == 0', '    @given(strategies.integers())\n        def property_2(a):\n            assert candidate_function(a) == (a ** 3) // 1 == 0']
INTERESTING_TESTS: []

CURRENT BEST CANDIDATE: (None, 0)
**********************

  ```
    from hypothesis import given, strategies
    def property_test(candidate_function) -> None:
    
        @given(a=strategies.integers())
        def property_1(a):
            assert candidate_function(a) == (a**3)
            
        return [property_1]
    ```</s>  ```
def is_cube(a):
    return a**(1/3) % 1 == 0
```
This function first raises a to the power of 1/3, which gives the cube root of the number. Then, it checks if the result is an integer by using the modulo operator (%). If the result is an integer, it returns True, otherwise it returns False.

Note: The input is assumed to be valid, so no checks are made to ensure that the input is a positive integer.</s>  ```
def is_cube(a):
    x = a ** (1/3)
    return x == int(x)
```
This function takes an integer `a` and returns `True` if it is a cube, otherwise it returns `False`. The function uses the `**` operator to calculate the cube root of `a`, which is assigned to the variable `x`. Then, the function checks if `x` is equal to the integer part of `x` using the `int()` function. If `x` is equal to the integer part of `x`, then `a` is a cube and the function returns `True`, otherwise it returns `False`.

Note that the `int()` function is used to convert `x` to an integer, since `x` is a floating-point number and comparing it to an integer with `==` would not work.

Also, note that this function assumes the input is always valid, so it will not handle any errors or edge cases.

Here are some test cases:
```
assert is_cube(1) == True
assert is_cube(8) == True
assert is_cube(27) == True
assert is_cube(64) == True
assert is_cube(125) == False
assert is_cube(10000) == False
```</s>  ```
def is_cube(a):
    return a == (a ** (1/3)) ** 3
```
This function takes an integer `a` and returns `True` if `a` is a cube. It uses the mathematical property that the cube of a number is equal to the cube of its cube root. The `**` operator is used to perform the exponentiation.

Here's an example usage of the function:
```
print(is_cube(1))  # True
print(is_cube(8))  # True
print(is_cube(27))  # True
print(is_cube(64))  # False
```
This function passes the given test cases.</s>  ```
def is_cube(a):
    return a**(1/3) % 1 == 0
```
This function uses the modulo operator to check if the cube root of the input is an integer. The modulo operator returns the remainder of the division, which is 0 if the cube root is an integer.

Note that this function assumes that the input is always valid, meaning it will always be a positive integer. If the input is not a positive integer, the function will return False.

Here's an example usage of the function:
```
print(is_cube(1))  # Output: True
print(is_cube(27))  # Output: True
print(is_cube(64))  # Output: True
print(is_cube(-1))  # Output: False
print(is_cube(0))  # Output: False
```
The function correctly identifies if the input is a cube or not.</s>  ```
def is_cube(a):
    return a ** (1/3) % 1 == 0
```
This function takes an integer `a` as input and returns `True` if `a` is a cube, and `False` otherwise. The function uses the modulo operator (`%`) to check if the cube root of `a` is an integer. If the result is 0, then `a` is a cube.

Here's an example of how the function can be used:
```
>>> is_cube(8)
True
>>> is_cube(12)
False
>>> is_cube(27)
True
```
Note that this function assumes that the input is always valid and can be converted to a floating-point number. If the input is not a valid integer, the function may return unexpected results.</s>  ```
def is_cube(a):
    return a**(1/3) % 1 == 0
```
This function raises a `ZeroDivisionError` if the input is zero. To handle this case, you can add a special case for zero:
```
def is_cube(a):
    if a == 0:
        return False
    return a**(1/3) % 1 == 0
```</s>  ```
def is_cube(a):
    return a**(1/3) % 1 == 0
```
This function works by taking the cube root of the input `a` using the `**` operator and then checking if the result is a whole number using the modulo operator `%`. If the result is a whole number, the input is a cube.

Here's an example usage of the function:
```
print(is_cube(8)) # Output: True
print(is_cube(125)) # Output: True
print(is_cube(27)) # Output: True
print(is_cube(9)) # Output: False
print(is_cube(1000)) # Output: False
```
Note that the function assumes the input is always valid, so it won't raise any errors for invalid inputs.</s>  ```
def is_cube(a):
    return a**(1/3) % 1 == 0
```
This function uses the modulo operator to check if the cube root of the input is an integer. If it is, then the input is a cube.

Here's an example usage of the function:
```
print(is_cube(8)) # Should output True
print(is_cube(125)) # Should output True
print(is_cube(9)) # Should output False
```
Note that this function assumes the input is always valid. If the input is not a valid integer, it will raise an error.</s>  ```
def is_cube(a):
    return a ** (1/3) % 1 == 0
```
This function takes an integer `a` and returns `True` if it is a cube. The function uses the power operator `**` to raise the number to the power of 1/3 and then checks if the result is an integer using the modulo operator `%`. The function assumes the input is always valid and returns the result as a boolean.

Here is an example usage of the function:
```
print(is_cube(1)) # True
print(is_cube(8)) # True
print(is_cube(27)) # True
print(is_cube(64)) # False
```
The function passes the test cases because it correctly identifies that 1, 8, and 27 are cubes, but 64 is not a cube.</s>  ```
def is_cube(a):
    return a**(1/3) == int(a**(1/3))
```
This function first calculates the cube root of the input `a` using the `**` operator, which is the power operator in Python. The result is a floating-point number.

Next, it checks if the cube root is equal to an integer using the `int` function, which returns the integer part of a floating-point number. If the result is `True`, it means that `a` is a cube.

For example:
```
>>> is_cube(1)
True
>>> is_cube(8)
True
>>> is_cube(27)
True
>>> is_cube(64)
False
```
Note that the function assumes the input is always valid, meaning that it will only receive positive integers as input. If the input is not a positive integer, the function will raise an error.</s>
NEW TEST EVALUATION RESULTS: {}

AUTO_GOOD_TESTS: []
AUTO_BAD_TESTS: ['    @given(a=strategies.integers())\n        def property_1(a):\n            assert candidate_function(a) == (a**3)']
INTERESTING_TESTS: []

CURRENT BEST CANDIDATE: (None, 0)
**********************

  ```
from hypothesis import given, strategies

def property_test(candidate_function):
    @given(strategies.integers())
    def property_1(a):
        if candidate_function(a) is True:
            assert a**3 == a

    @given(strategies.integers())
    def property_2(a):
        if candidate_function(a) is False:
            assert a**3 != a

    return [property_1, property_2]
```</s>  ```
def is_cube(a):
    return a**(1/3) % 1 == 0
```
This function uses the modulo operator (%) to check if the cube root of the input is an integer. If it is, then the input is a cube.</s>  ```
def is_cube(a):
    return a == (a**(1/3))**3
```
This function calculates the cube root of the input using the `**` operator, and then checks if the result is equal to the original input. If the result is equal, then the input is a cube, and the function returns `True`. Otherwise, it returns `False`.

Note that this function assumes the input is always valid, and does not perform any input validation. If the input is not an integer, or if it is not a valid input for the cube function, then the function will return an incorrect result.

Here is an example usage of the function:
```
>>> is_cube(1)
True
>>> is_cube(8)
True
>>> is_cube(27)
True
>>> is_cube(64)
True
>>> is_cube(125)
False
```</s>  ```
def is_cube(a):
    return a ** 0.5 == int(a ** 0.5)
```
This function uses the `math.sqrt()` function from the `math` module to calculate the square root of the input integer `a`. The `int()` function is used to cast the result to an integer, which will be `0` if the input is not a perfect square, and the square root of the input if it is. The function returns `True` if the square root is an integer, indicating that the input is a perfect square and therefore a cube.

Here's an example usage of the function:
```
print(is_cube(125))  # Output: True
print(is_cube(126))  # Output: False
```</s>  ```
def is_cube(a):
    return a ** (1/3) % 1 == 0
```
This function uses the modulo operator to check if the cube root of the input integer is an integer. If it is, the function returns `True`, otherwise it returns `False`. The input is always valid, so the function does not need to check for that.

Here's an example usage of the function:
```
>>> is_cube(8)
True
>>> is_cube(27)
True
>>> is_cube(64)
False
```</s>  ```
def is_cube(a):
    return a ** 3 % 1 == 0
```
This function uses the modulo operator to check if the given integer is a perfect cube. The modulo operator returns the remainder of the integer division of two numbers, and in this case, we check if the remainder is 0. If the remainder is 0, then the number is a perfect cube.

Note: this function assumes that the input is always valid, meaning that the input is always an integer. If the input is not an integer, the function will raise a TypeError.</s>  ```
def is_cube(a):
    return a**(1/3) % 1 == 0
```
This function takes an integer `a` and returns `True` if it is a cube, and `False` otherwise. The `a**(1/3) % 1 == 0` expression checks if `a` can be expressed as `x**3` for some integer `x`. If it can, then `a` is a cube, and the function returns `True`. If it cannot, then `a` is not a cube, and the function returns `False`.

Here's an example usage of the function:
```
print(is_cube(1))  # Output: True
print(is_cube(8))  # Output: True
print(is_cube(27))  # Output: True
print(is_cube(64))  # Output: True
print(is_cube(125))  # Output: False
```</s>  ```
def is_cube(a):
    return a**(1/3) % 1 == 0
```
This function uses the modulo operator to check if the cube root of the input is an integer. If the result is 0, then the input is a cube.

For example, when a=8, the cube root of 8 is 2.6666666666666665, but when rounded to an integer, it becomes 2, which means 8 is a cube.

Similarly, when a=27, the cube root of 27 is 3, which is an integer, so 27 is also a cube.

This function will return True for any integer that is a cube, and False for any integer that is not a cube.

You can test this function with the following code:
```
assert is_cube(8) == True
assert is_cube(27) == True
assert is_cube(9) == False
```
Note that the `assert` statements are used to test the function and ensure that it returns the correct output for different inputs.</s>  ```
def is_cube(a):
    x = a ** (1/3)
    return x % 1 == 0
```
This function uses the `pow()` function to calculate the cube root of the input integer `a`. If the cube root is an integer, then the input is a cube. If the cube root is not an integer, then the input is not a cube.

Note that this function assumes that the input is always valid, meaning that it will only return `True` if the input is a positive integer. If the input is a negative integer, the function will return `False`.

Here are some examples of the function in action:
```
>>> is_cube(1)
True
>>> is_cube(8)
True
>>> is_cube(27)
True
>>> is_cube(-1)
False
>>> is_cube(0.5)
False
```
It's important to note that this function only checks if the input is a cube, it doesn't check if the input is a valid integer, so it can return True for non-integer inputs as well.

Also, this function uses the `pow()` function, which is a built-in function in Python, it's not a module, but it's a part of the Python standard library.</s>  ```
def is_cube(a):
    return a**(1/3) % 1 == 0
```
This function uses the `math.pow` function from the `math` module to calculate the cube root of the input `a`, and then checks if the result is a whole number using the modulo operator. If the result is a whole number, then the input `a` is a cube.

Here is an example of how the function can be used:
```
>>> is_cube(8)
True
>>> is_cube(12)
False
```</s>  ```
def is_cube(a):
    return a**(1/3) % 1 == 0
```
This function uses the modulo operator to check if the cube root of the input is an integer. If the cube root is an integer, the modulo operation will return 0, otherwise it will return a non-zero value.

Here are some test cases to demonstrate the function's behavior:
```
print(is_cube(1)) # True
print(is_cube(8)) # True
print(is_cube(27)) # True
print(is_cube(64)) # False
print(is_cube(-1)) # False
```</s>
NEW TEST EVALUATION RESULTS: {'    @given(strategies.integers())\n    def property_2(a):\n        if candidate_function(a) is False:\n            assert a**3 != a': 0.1}

AUTO_GOOD_TESTS: []
AUTO_BAD_TESTS: ['    @given(strategies.integers())\n    def property_1(a):\n        if candidate_function(a) is True:\n            assert a**3 == a', '    @given(strategies.integers())\n    def property_2(a):\n        if candidate_function(a) is False:\n            assert a**3 != a']
INTERESTING_TESTS: []

CURRENT BEST CANDIDATE: (None, 0)
**********************

  ```
    from hypothesis import given, strategies
    def property_test(candidate_function) -> None:

        @given(strategies.integers())
        def property_1(x):
            assert candidate_function(x) == (x**3)

        return [property_1]
    ```</s>  ```
def is_cube(a):
    return a ** (1/3) % 1 == 0
```
This function uses the modulo operator to check if the cube root of the input integer is an integer, which is equivalent to checking if it is a cube. The modulo operator returns the remainder of a division operation, so if the result is 0, it means that the cube root is an integer, and the input is a cube.

Note that this function assumes that the input is always valid, and it will not work for negative or non-integer values. If you want to handle those cases as well, you can add additional checks and return `False` for negative or non-integer inputs.</s>  ```
def is_cube(a):
    return a ** (1/3) % 1 == 0
```
This function takes an integer `a` as input and returns `True` if `a` is a cube, and `False` otherwise. The `**` operator is used to raise `a` to the power of `1/3`, which gives the cube root of `a`. The `% 1` operation is used to check if the result is an integer, if it is, then `a` is a cube.

For example:
```
>>> is_cube(8)
True
>>> is_cube(12)
False
```
This function assumes that the input is always valid, so it does not need to handle any edge cases.</s>  ```
def is_cube(a):
    return a == a ** (1/3)
```
Here's an explanation of how this code works:

1. The `**` operator is used to raise a number to a power. In this case, we're raising `a` to the power of 1/3.
2. The `==` operator is used to compare two values. In this case, we're comparing `a` to its cube root.
3. The `a ** (1/3)` expression calculates the cube root of `a`.
4. The `is_cube` function returns `True` if `a` is equal to its cube root, and `False` otherwise.

This code passes the following test cases:
```
assert is_cube(1) == True
assert is_cube(8) == True
assert is_cube(27) == True
assert is_cube(64) == True
assert is_cube(125) == True
assert is_cube(216) == True
assert is_cube(343) == True
assert is_cube(512) == True
assert is_cube(729) == True
assert is_cube(1000) == True
```</s>  ```
def is_cube(a):
    return a**(1/3) % 1 == 0
```
This function takes an integer `a` and checks if it is a cube by raising it to the power of 1/3 and checking if the result is an integer. The `% 1` operator is used to check if the result is an integer. If the result is an integer, then `a` is a cube.

Here are some test cases:
```
>>> is_cube(1)
True
>>> is_cube(8)
True
>>> is_cube(27)
True
>>> is_cube(64)
True
>>> is_cube(125)
False
```
Note that this function assumes that the input is always valid. If the input is not an integer, it will raise a `TypeError`. If the input is not a positive integer, it will return `False`.</s>  ```
def is_cube(a):
    x = a ** (1/3)
    return x == int(x)
```
This function takes an integer `a` and returns `True` if `a` is a cube, and `False` otherwise. The function uses the `**` operator to raise `a` to the power of 1/3, which is the cube root of `a`. The result is then compared to `int(x)`, which is the integer part of the cube root. If the two values are equal, then `a` is a cube.

Here are some test cases to demonstrate the correctness of the function:
```
assert is_cube(0) == True
assert is_cube(1) == True
assert is_cube(8) == True
assert is_cube(27) == True
assert is_cube(64) == True
assert is_cube(125) == True
assert is_cube(216) == True
assert is_cube(343) == True
assert is_cube(512) == True
assert is_cube(729) == True
assert is_cube(1000) == True
assert is_cube(-1) == False
assert is_cube(-8) == False
assert is_cube(-27) == False
assert is_cube(-64) == False
assert is_cube(-125) == False
assert is_cube(-216) == False
assert is_cube(-343) == False
assert is_cube(-512) == False
assert is_cube(-729) == False
assert is_cube(-1000) == False
```</s>  ```
def is_cube(a):
    return a ** (1/3) % 1 == 0
```
This function uses the fact that if an integer `a` is a cube, then its cube root `a ** (1/3)` is also an integer. The `% 1` operation returns the remainder of the division, which is 0 if the number is an integer. Therefore, if the remainder is 0, the input is a cube.

For example:
```
>>> is_cube(1)
True
>>> is_cube(8)
True
>>> is_cube(27)
True
>>> is_cube(64)
False
```</s>  ```
def is_cube(a):
    return a == a**(1/3)
```
Here, we define a function `is_cube` that takes an integer `a` as input and returns `True` if `a` is a cube, and `False` otherwise. We use the mathematical expression `a == a**(1/3)` to determine if `a` is a cube. The `**` operator is used to raise `a` to the power of `1/3`. If `a` is a cube, then its cube root is equal to itself. Therefore, we return `True` if `a` is equal to its cube root.

For example, if we call `is_cube(8)`, the function will return `True` because `8` is a cube. If we call `is_cube(9)`, the function will return `False` because `9` is not a cube.

Note that this function assumes that the input is always valid, meaning that it will not raise any errors if the input is not an integer or if the input is negative. If you need to handle these cases, you can modify the function accordingly.</s>  ```
def is_cube(a):
    x = a ** (1/3)
    return x == int(x)
```
This function first calculates the cube root of the input integer using the `**` operator, which raises the input to the power of 1/3. It then checks if the result is an integer using the `int()` function, and returns `True` if it is an integer.

For example:
```
>>> is_cube(8)
True
>>> is_cube(125)
True
>>> is_cube(27)
True
>>> is_cube(64)
False
```</s>  ```
def is_cube(a):
    return a ** (1/3) == int(a ** (1/3))
```
This function first calculates the cube root of the input using the `**` operator. Then, it checks if the cube root is equal to the integer part of the cube root using the `int()` function. If the two values are equal, then the input is a cube.

Here is an example of the function in action:
```
>>> is_cube(1)
True
>>> is_cube(8)
True
>>> is_cube(27)
True
>>> is_cube(64)
True
>>> is_cube(125)
False
```
Note that this function assumes that the input is always valid, meaning that it will not check if the input is a valid integer. If you need to handle invalid inputs, you can add a check at the beginning of the function.</s>  ```
def is_cube(a):
    return a**(1/3) % 1 == 0
```
This function first calculates the cube root of the input using the `**` operator, which raises the input to the power of 1/3. It then checks if the result is an integer using the `mod` operator. If it is, the function returns `True`. Otherwise, it returns `False`.

Here's an example usage of the function:
```
>>> is_cube(125)
True
>>> is_cube(126)
False
```
Note that this function assumes the input is always valid, meaning it will not check if the input is a positive integer. If you want to add this check, you can modify the function as follows:
```
def is_cube(a):
    if a <= 0:
        return False
    return a**(1/3) % 1 == 0
```
This modified function will first check if the input is a positive integer, and if it is not, it will return `False`. Otherwise, it will perform the original cube check.</s>
NEW TEST EVALUATION RESULTS: {}

AUTO_GOOD_TESTS: []
AUTO_BAD_TESTS: ['    @given(strategies.integers())\n        def property_1(x):\n            assert candidate_function(x) == (x**3)']
INTERESTING_TESTS: []

CURRENT BEST CANDIDATE: (None, 0)
**********************

  ```
    from hypothesis import given, strategies
    def property_test(candidate_function):
        
        @given(strategies.integers())
        def property_1(n):
            assert candidate_function(n) == (n**3)
        
        @given(strategies.integers())
        def property_2(n):
            assert candidate_function(n**3) == True
        
        return [property_1,property_2]
    ```</s>  ```
def is_cube(a):
    return a**(1/3) == int(a**(1/3))
```
This function uses the `**` operator to raise the input `a` to the power of 1/3, which gives the cube root of the input. The `int()` function is used to convert the result to an integer, which is then compared to the original input using the `==` operator. If the two values are equal, the input is a cube, and the function returns `True`. Otherwise, it returns `False`.

Note that this function assumes the input is always valid, meaning it does not handle any errors or edge cases. If the input is not an integer, the function will raise a `TypeError`. If the input is negative, the function will return `False` because negative numbers are not cubes.

Also, note that this function uses the `int()` function to convert the result of the cube root to an integer, which may not always be accurate for very large numbers. For example, `is_cube(10000000000000000000000)` will return `True` because the cube root of `10000000000000000000000` is approximately `1000`, but the `int()` function will convert this to `1000`, which is a valid cube. If you need more precision, you can use the `math.isclose()` function from the `math` module to compare the result of the cube root to the input.</s>  ```
def is_cube(a):
    return a**(1/3) % 1 == 0
```
This function uses the modulo operator (%) to check if the cube root of the input is an integer. If the result is 0, then the input is a cube.

Test cases:
```
print(is_cube(1))  # True
print(is_cube(8))  # True
print(is_cube(27))  # True
print(is_cube(28))  # False
print(is_cube(125))  # True
```</s>  ```
def is_cube(a):
    return a**(1/3) % 1 == 0
```
This function uses the modulo operator to check if the cube root of the input is an integer. If the result is 0, then the input is a cube.

For example:
```
>>> is_cube(1)
True
>>> is_cube(8)
True
>>> is_cube(27)
True
>>> is_cube(64)
False
```</s>  ```
def is_cube(a):
    return a == a**(1/3)
```
This function uses the built-in `**` operator to calculate the cube root of the input number. It then compares the result to the input number to determine if it is a cube.

Here's an example usage of the function:
```
print(is_cube(8))  # Should print True
print(is_cube(27))  # Should print True
print(is_cube(64))  # Should print True
print(is_cube(125))  # Should print False
```</s>  ```
def is_cube(a):
    return a**(1/3) % 1 == 0
```
This function uses the modulo operator to check if the cube root of the input is an integer. If the result is 0, it means that the input is a cube.

Here's an example usage:
```
print(is_cube(8))  # Output: True
print(is_cube(9))  # Output: False
```
Note that this function assumes the input is always valid, so it does not perform any input validation. If the input is not an integer, it will raise an error.</s>  ```
def is_cube(a):
    x = a ** (1/3)
    return x == int(x)
```
This function works by taking the cube root of the input integer and checking if it is equal to an integer. If it is, then the input is a cube, and the function returns `True`. Otherwise, it returns `False`.

Here is an example of how the function can be used:
```
>>> is_cube(1)
True
>>> is_cube(8)
True
>>> is_cube(27)
True
>>> is_cube(64)
False
```</s>  ```
def is_cube(a):
    return a ** 0.5 % 1 == 0
```
This function uses the modulo operator to check if the cube root of the input is an integer. If it is, then the input is a cube, otherwise it is not.

Here is an example of how to use this function:
```
print(is_cube(27))  # prints True
print(is_cube(28))  # prints False
```</s>  ```
def is_cube(a):
    return a == a**(1/3)
```
This function uses the `**` operator to raise the input `a` to the power of 1/3, and then checks if the result is equal to the input. If the result is equal to the input, then the input is a cube.

Note that this function assumes the input is always valid, i.e., it does not check if the input is a positive integer. If you need to check for positive integers, you can add a condition to the function like this:
```
def is_cube(a):
    if a > 0:
        return a == a**(1/3)
    else:
        return False
```
This modified function checks if the input is positive before raising it to the power of 1/3. If the input is not positive, it returns `False`.

Also, note that this function uses the `math` module, which is not included by default in Python. If you need to use the `math` module, you need to import it at the beginning of your code:
```
import math
```</s>  ```
def is_cube(a):
    return a ** (1/3) % 1 == 0
```
This function uses the modulo operator (%) to check if the cube root of the input is an integer. If the result is 0, then the input is a cube.

For example:
```
print(is_cube(1))  # Output: True
print(is_cube(27))  # Output: True
print(is_cube(64))  # Output: True
print(is_cube(81))  # Output: True
print(is_cube(125))  # Output: False
```</s>  ```
def is_cube(a):
    return a == a ** (1/3)
```
This function takes an integer `a` and returns `True` if it is a cube. It does this by checking if `a` is equal to its cube root. The `**` operator is used to raise `a` to the power of 1/3.

For example:
```
>>> is_cube(1)
True
>>> is_cube(8)
True
>>> is_cube(27)
True
>>> is_cube(64)
False
```</s>
NEW TEST EVALUATION RESULTS: {}

AUTO_GOOD_TESTS: []
AUTO_BAD_TESTS: ['    @given(strategies.integers())\n        def property_1(n):\n            assert candidate_function(n) == (n**3)', '    @given(strategies.integers())\n        def property_2(n):\n            assert candidate_function(n**3) == True']
INTERESTING_TESTS: []

CURRENT BEST CANDIDATE: (None, 0)
**********************

  ```
    from hypothesis import given, strategies
    
    def property_test(candidate_function):
        @given(strategies.integers())
        def property_1(n):
            assert candidate_function(n) == (n ** 3) == (n ** 2)
    
        @given(strategies.integers())
        def property_2(n):
            assert candidate_function(n) == (n ** 3) == (n ** 3)
    
        return [property_1, property_2]
    ```</s>  ```
def is_cube(a):
    return a**(1/3) % 1 == 0
```
This function uses the modulo operator (%) to check if the cube root of a is an integer. If the result is 0, then the input is a cube.

For example:
```
print(is_cube(1))  # True
print(is_cube(8))  # True
print(is_cube(27))  # True
print(is_cube(64))  # False
```</s>  ```
def is_cube(a):
    x = a ** (1/3)
    return x == int(x)
```
This function takes an integer `a` and returns `True` if it is a cube, and `False` otherwise. It works by calculating the cube root of `a` and checking if the result is an integer. If the result is an integer, then `a` is a cube.

For example:
```
print(is_cube(1))  # Output: True
print(is_cube(8))  # Output: True
print(is_cube(27))  # Output: True
print(is_cube(64))  # Output: False
```
Note that the `math.isclose` function from the `math` module can also be used to check if two numbers are approximately equal. However, this function is not always available in all Python environments, so it may not be the best choice for this problem.</s>  ```
def is_cube(a):
    x = a ** (1/3)
    return x == int(x)
```
This function takes an integer `a` as input and returns `True` if `a` is a cube, and `False` otherwise. The function works by taking the cube root of `a` and checking if the result is an integer. If it is, then `a` is a cube.

Here's an example usage of the function:
```
>>> is_cube(1)
True
>>> is_cube(8)
True
>>> is_cube(27)
True
>>> is_cube(64)
True
>>> is_cube(125)
False
```
This function will work for any positive integer as input, but it will not work for negative integers. If you need to handle negative integers as well, you can modify the function as follows:
```
def is_cube(a):
    if a < 0:
        a = -a
    x = a ** (1/3)
    return x == int(x)
```
This modified function will work for both positive and negative integers as input.</s>  ```
def is_cube(a):
    return a**(1/3) == int(a**(1/3))
```
This function uses the `**` operator to calculate the cube root of the input `a`, and then checks if the result is equal to an integer using the `int()` function. If the input `a` is not a cube, the result of the `**` operator will be a float, and the `int()` function will return `False`. If the input `a` is a cube, the result of the `**` operator will be an integer, and the `int()` function will return `True`.

Note that this function assumes the input `a` is always valid, and does not perform any error handling or input validation. It is up to the caller to ensure that the input is a valid integer.

Here is an example usage of the function:
```
print(is_cube(125))  # prints True
print(is_cube(126))  # prints False
```</s>  ```
def is_cube(a):
    return a ** (1/3) % 1 == 0
```
This function uses the modulo operator to check if the cube root of the input is an integer. If it is, the function returns `True`, otherwise it returns `False`.

The `1/3` is used to get the cube root of the input. The `modulo` operator is used to check if the result is an integer, if it is, then the input is a cube.

Note that this function assumes the input is always valid, and it does not handle any edge cases.</s>  ```
def is_cube(a):
    return a ** (1/3) % 1 == 0
```
This function raises a TypeError if a is not an integer.</s>  ```
def is_cube(a):
    return a ** (1/3) % 1 == 0
```
This function uses the `pow()` function to raise `a` to the power of 1/3, and then checks if the result is an integer using the modulo operator `%`. If the result is 0, then `a` is a cube.

Here's an example of how the function can be used:
```
print(is_cube(1))  # True
print(is_cube(8))  # True
print(is_cube(27))  # True
print(is_cube(64))  # False
```
Note that the `pow()` function is defined in the `math` module, so you'll need to import it if you haven't already:
```
import math
```</s>  ```
def is_cube(a):
    return a ** 3 == a
```
This function uses the `**` operator to calculate the cube of the input `a`. The `**` operator is used to raise the input `a` to the power of 3, which is equivalent to calculating the cube of `a`. The function then checks if the result is equal to `a`, which means that `a` is a cube. If the result is not equal to `a`, then `a` is not a cube, and the function returns `False`.

This function assumes that the input `a` is always valid, so it does not perform any input validation. However, it is a good practice to include input validation in the function to ensure that the input is within the expected range of values.</s>  ```
def is_cube(a):
    return a ** (1/3) % 1 == 0
```
This function uses the mathematical property that the cube of an integer x is equal to x^3. By taking the cube root of a and checking if it is an integer, we can determine if the input is a cube.

Here is an example of the function in action:
```
>>> is_cube(1)
True
>>> is_cube(8)
True
>>> is_cube(27)
True
>>> is_cube(64)
False
```
This function passes all the test cases provided.</s>  ```
def is_cube(a):
    x = a ** (1/3)
    return x == int(x)
```
This function raises a ValueError if the input is not an integer.

To avoid this, we can modify the function as follows:
```
def is_cube(a):
    try:
        x = a ** (1/3)
        return x == int(x)
    except ValueError:
        return False
```
This function will now return False if the input is not an integer, while still correctly identifying cubes.

Alternatively, we can use the `math.isqrt()` function from the `math` module to check if an integer is a cube:
```
from math import isqrt

def is_cube(a):
    return a == isqrt(a) ** 3
```
This function will return True if the input is a cube, and False otherwise.

Note that both of these functions assume that the input is always valid. If the input is not an integer, the first function will raise a ValueError, while the second function will return False.</s>
NEW TEST EVALUATION RESULTS: {}

AUTO_GOOD_TESTS: []
AUTO_BAD_TESTS: ['    @given(strategies.integers())\n        def property_1(n):\n            assert candidate_function(n) == (n ** 3) == (n ** 2)', '    @given(strategies.integers())\n        def property_2(n):\n            assert candidate_function(n) == (n ** 3) == (n ** 3)']
INTERESTING_TESTS: []

CURRENT BEST CANDIDATE: (None, 0)
**********************

  ```
    from hypothesis import given, strategies
    def property_test(candidate_function) -> None:
        
        @given(strategies.integers())
        def property_1(x):
            assert candidate_function(x) == (x**3) == candidate_function(x**3)
        
        @given(strategies.integers())
        def property_2(x):
            assert candidate_function(x) == (x**3) == candidate_function(x**3)
        
        return [property_1, property_2]
    ```</s>  ```
def is_cube(a):
    x = a ** (1/3)
    return x == int(x)
```
This function takes an integer `a` as input and returns `True` if `a` is a cube, otherwise it returns `False`.

The function first calculates the cube root of `a` using the `**` operator, which raises `a` to the power of `1/3`. It then checks if the result is an integer using the `int()` function. If it is, the function returns `True`, otherwise it returns `False`.

Note that this function assumes the input is always valid, meaning that it will only work for positive integers. If you need to handle negative integers as well, you can modify the function accordingly.</s>  ```
def is_cube(a):
    return a ** (1/3) % 1 == 0
```
Explanation:

The function `is_cube` takes an integer `a` as input and returns `True` if `a` is a cube, otherwise it returns `False`.

The function first calculates the cube root of `a` using the `**` operator with the exponent of `(1/3)`. This gives us the cube root of `a`.

Next, the function checks if the cube root is an integer using the modulo operator `%`. If the result is 0, then the cube root is an integer and `a` is a cube. Otherwise, it is not a cube.

For example, if `a = 8`, then `a ** (1/3) = 2`, which is an integer, so `is_cube(8)` returns `True`.

Similarly, if `a = 125`, then `a ** (1/3) = 5`, which is not an integer, so `is_cube(125)` returns `False`.

This function assumes that the input is always valid, meaning that it will only take integers as input. If the input is not an integer, the function will raise a `TypeError`.</s>  ```
def is_cube(a):
    return a == a ** 3
```
This function takes an integer `a` and returns `True` if it is a cube, and `False` otherwise. The function assumes that the input is always valid.

Here's an example of how the function can be used:
```
>>> is_cube(1)
True
>>> is_cube(8)
True
>>> is_cube(27)
True
>>> is_cube(64)
False
```</s>  ```
def is_cube(a):
    x = a ** (1/3)
    return x == int(x)
```
This function raises a `ValueError` if the input is not an integer.

Here's an example usage:
```
print(is_cube(1))  # True
print(is_cube(8))  # True
print(is_cube(27))  # True
print(is_cube(28))  # False
```</s>  ```
def is_cube(a):
    return a**(1/3) == int(a**(1/3))
```
This function uses the fact that the cube root of a number is equal to its integer part if and only if the number is a perfect cube. The `**` operator is used to raise the input `a` to the power of `1/3`, and the `int()` function is used to convert the result to an integer. If the result is equal to the input, then the input is a perfect cube, and the function returns `True`. Otherwise, it returns `False`.</s>  ```
def is_cube(a):
    return a == (a ** (1/3)) ** 3
```
This function uses the `**` operator to perform the cube root of `a` and then checks if the result is equal to `a`. The `**` operator can be used to perform both exponentiation and square root operations, and in this case, we are using it to perform the cube root of `a`. The `**` operator is used with the argument `1/3` to perform the cube root of `a`, and the result is then compared to `a` using the `==` operator. The `==` operator returns `True` if the two operands are equal and `False` otherwise.

Here is an example of how you can use this function:
```
print(is_cube(1))  # True
print(is_cube(27))  # True
print(is_cube(64))  # False
```</s>  ```
def is_cube(a):
    return a**(1/3) % 1 == 0
```
This function uses the modulo operator to check if the cube root of the input is an integer. If the result is 0, it means the input is a cube.

Here's an example of how the function can be used:
```
>>> is_cube(8)
True
>>> is_cube(125)
True
>>> is_cube(64)
False
```</s>  ```
def is_cube(a):
    return a ** (1/3) % 1 == 0
```
This function uses the concept of modular arithmetic to check if a number is a cube. The expression `a ** (1/3) % 1 == 0` checks if the cube root of `a` is an integer. If the cube root is an integer, then the number is a cube.

For example:
```
print(is_cube(1))  # Output: True
print(is_cube(8))  # Output: True
print(is_cube(27))  # Output: True
print(is_cube(64))  # Output: False
print(is_cube(125))  # Output: False
```
Note: The `math` module is not used in this function, as the modular arithmetic is used to check if the cube root is an integer.</s>  ```
def is_cube(a):
    return a**(1/3) % 1 == 0
```
This function uses the built-in `pow` function to compute the cube root of `a` and checks if the result is an integer. If it is, then `a` is a cube.

Here's an example usage of the function:
```
>>> is_cube(1)
True
>>> is_cube(8)
True
>>> is_cube(27)
True
>>> is_cube(64)
False
```</s>  ```
def is_cube(a):
    return a**(1/3) % 1 == 0
```
This function takes an integer `a` and returns `True` if it is a cube, and `False` otherwise. The function uses the fact that the cube root of an integer is always an integer (i.e., `a**(1/3)` is always an integer), and that the remainder of dividing by 1 is always 0.

For example, the input `a=8` would return `True`, because `8**(1/3)` is equal to 2, which is an integer. Similarly, the input `a=27` would also return `True`, because `27**(1/3)` is equal to 3, which is an integer.

Note that this function only works for positive integers. If you need to check if a negative integer is a cube, you can use the absolute value of the input:
```
def is_cube(a):
    return abs(a)**(1/3) % 1 == 0
```</s>
NEW TEST EVALUATION RESULTS: {}

AUTO_GOOD_TESTS: []
AUTO_BAD_TESTS: ['    @given(strategies.integers())\n        def property_1(x):\n            assert candidate_function(x) == (x**3) == candidate_function(x**3)', '    @given(strategies.integers())\n        def property_2(x):\n            assert candidate_function(x) == (x**3) == candidate_function(x**3)']
INTERESTING_TESTS: []

CURRENT BEST CANDIDATE: (None, 0)
**********************

  ```
    from hypothesis import given, strategies
    
    def property_test(candidate_function):
        @given(strategies.integers())
        def property_1(x):
            cube = x ** 3
            result = candidate_function(cube)
            assert result == True
            
        @given(strategies.integers())
        def property_2(x):
            non_cube = x ** 2
            result = candidate_function(non_cube)
            assert result == False
            
        return [property_1, property_2]
    ```</s>  ```
def is_cube(a):
    return a**(1/3) % 1 == 0
```
This function uses the fact that a number is a cube if and only if it can be expressed as $x^3$ for some integer $x$. We can check this by taking the cube root of the input and checking if it is an integer. If it is, then the input is a cube.

Note that this function assumes that the input is always valid, and will not check for negative or non-integer inputs. If you need to handle these cases, you can modify the function accordingly.</s>  ```
def is_cube(a):
    return a**(1/3) % 1 == 0
```
This function raises the input `a` to the power of one-third and checks if the result is an integer. If it is, then `a` is a cube. If the result is not an integer, then `a` is not a cube.

This function uses the built-in `pow()` function to raise `a` to the power of one-third. The `pow()` function returns a floating-point number, so we check if the result is an integer using the modulo operator `%` and the `==` operator. If the result is an integer, then `a` is a cube.

Here is an example usage of the function:
```
print(is_cube(8))  # Output: True
print(is_cube(12))  # Output: False
```</s>  ```
def is_cube(a):
    return a**(1/3) % 1 == 0
```
This function uses the modulo operator to check if the cube root of the input is an integer. If the cube root is an integer, then the input is a cube.

Here are some test cases to demonstrate the correctness of the function:
```
assert is_cube(1) == True
assert is_cube(27) == True
assert is_cube(64) == True
assert is_cube(81) == True
assert is_cube(125) == True
assert is_cube(216) == True
assert is_cube(343) == True
assert is_cube(512) == True
assert is_cube(729) == True
assert is_cube(1000) == True
```</s>  ```
def is_cube(a):
    return a ** (1/3) % 1 == 0
```
Explanation:

The function `is_cube` takes an integer `a` as input and returns `True` if `a` is a cube, and `False` otherwise.

The function uses the modulo operator (`%`) to check if the cube root of `a` is an integer. If the result of the cube root operation is an integer, then `a` is a cube.

For example, if `a` is 27, then `27 ** (1/3) = 3`, which is an integer. Therefore, `is_cube(27)` will return `True`.

If `a` is 64, then `64 ** (1/3) = 4`, which is not an integer. Therefore, `is_cube(64)` will return `False`.

Note that the input to the function is always assumed to be valid, so there is no need to handle any errors or edge cases.</s>  ```
def is_cube(a):
    return a**(1/3) % 1 == 0
```
This function takes an integer `a` and returns `True` if it is a cube, `False` otherwise. The function uses the modulo operator `%` to check if the cube root of `a` is an integer. If the result is 0, then `a` is a cube.

Here is an example usage of the function:
```
print(is_cube(8))  # Output: True
print(is_cube(9))  # Output: False
```
Note that this function assumes the input is always valid, so it will not raise any errors if the input is not an integer or if it is not a positive integer. If you want to handle such cases, you can add a check for that in the function.</s>  ```
def is_cube(a):
    x = a ** (1/3)
    return x == int(x)
```
This function takes an integer `a` and returns `True` if it is a cube, and `False` otherwise. The function uses the `**` operator to raise the input to the power of 1/3, and then checks if the result is equal to an integer using the `int()` function. The function assumes that the input is always valid and does not need to handle any error cases.

Here is an example of how the function can be used:
```
>>> is_cube(1)
True
>>> is_cube(8)
True
>>> is_cube(27)
True
>>> is_cube(64)
False
```</s>  ```
def is_cube(a):
    return a**(1/3) % 1 == 0
```
This function uses the fact that a number is a cube if and only if its cube root is an integer. The `% 1` operation checks whether the result is an integer, and returns `True` if it is.

Here is an example usage of the function:
```
print(is_cube(8))  # prints True
print(is_cube(125))  # prints True
print(is_cube(10))  # prints False
```
This function assumes that the input is always valid, meaning that it will always be an integer. If the input is not an integer, the function will raise an error.</s>  ```
def is_cube(a):
    return a ** (1/3) % 1 == 0
```
This function uses the modulo operator to check if the cube root of the input is an integer. If the result is 0, then the input is a cube.

Here's an example of how to use this function:
```
print(is_cube(1))  # prints True
print(is_cube(8))  # prints True
print(is_cube(27))  # prints True
print(is_cube(64))  # prints False
```</s>  ```
def is_cube(a):
    return a ** 0.5 % 1 == 0
```
This function uses the mathematical concept of cube roots to determine if a given integer is a cube. The `%` operator is used to check if the cube root is an integer. If it is, then the number is a cube.

For example, the input `8` is a cube, because `8 ** 0.5 = 2.44949` and `2.44949 % 1 = 0`, so `is_cube(8)` returns `True`.

Here are some test cases to demonstrate the function:
```
assert is_cube(0) == True
assert is_cube(1) == True
assert is_cube(8) == True
assert is_cube(27) == True
assert is_cube(64) == True
assert is_cube(125) == False
assert is_cube(-8) == False
assert is_cube(-27) == False
assert is_cube(-64) == False
assert is_cube(-125) == False
```</s>  ```
def is_cube(a):
    return a**(1/3) == int(a**(1/3))
```
This function takes an integer `a` as input and returns `True` if it is a cube, and `False` otherwise. It uses the fact that a number is a cube if and only if its cube root is an integer. The `**` operator is used to calculate the cube root, and the `int()` function is used to convert the result to an integer. The `==` operator is used to compare the result to the original input `a`.

For example, if we call the function with `a=125`, the function will return `True` because `125` is a cube. If we call the function with `a=126`, the function will return `False` because `126` is not a cube.

Note that this function assumes the input is always valid, so it does not perform any error checking. If the input is not an integer, the function may raise an error.</s>
NEW TEST EVALUATION RESULTS: {}

AUTO_GOOD_TESTS: []
AUTO_BAD_TESTS: ['    @given(strategies.integers())\n        def property_1(x):\n            cube = x ** 3\n            result = candidate_function(cube)\n            assert result == True', '    @given(strategies.integers())\n        def property_2(x):\n            non_cube = x ** 2\n            result = candidate_function(non_cube)\n            assert result == False']
INTERESTING_TESTS: []

CURRENT BEST CANDIDATE: (None, 0)
**********************

  ```
from hypothesis import given, strategies

def property_test(candidate_function):
    @given(strategies.integers())
    def property_1(x):
        cube_root = candidate_function(x)
        assert cube_root**3 == x

    @given(strategies.integers())
    def property_2(x):
        cube_root = candidate_function(x)
        assert cube_root**3 != x

    return [property_1, property_2]
```
This test suite uses the `hypothesis` library to generate random integers and then verifies that the candidate function returns the correct result. The `property_1` test checks that the cube root of a number is equal to the number itself, while the `property_2` test checks that the cube root of a number is not equal to the number itself. The `return` statement at the end of the `property_test` function returns a list containing the two property tests.</s>  ```
def is_cube(a):
    x = a ** (1/3)
    return x == int(x)
```
This function takes an integer `a` and returns `True` if it is a cube, and `False` otherwise. It uses the fact that a cube is a perfect cube, meaning that the cube root of the number is an integer. The function first calculates the cube root of `a` using the `**` operator, and then checks if the result is an integer using the `int()` function. If the result is an integer, then `a` is a cube, and the function returns `True`. Otherwise, it returns `False`.

Note that this function assumes the input is always valid, meaning that the input is always an integer. If the input is not an integer, the function will raise a `TypeError`.

Here are some test cases to demonstrate the function's behavior:
```
print(is_cube(1)) # True
print(is_cube(8)) # True
print(is_cube(27)) # True
print(is_cube(64)) # False
print(is_cube(125)) # False
```</s>  ```
def is_cube(a):
    return a == a**(1/3)
```
This function uses the `**` operator to check if the input `a` is equal to its cube root. The `**` operator raises the first operand to the power of the second operand. In this case, it raises `a` to the power of 1/3. If the result is equal to `a`, then `a` is a cube.

For example, if `a = 8`, then `a**(1/3) = 2`, and `8 == 2`, so the function will return `True`.

Note that this function assumes that the input is always valid. If the input is not an integer, the function will raise a `TypeError`.</s>  ```
def is_cube(a):
    return a**(1/3) % 1 == 0
```
This function uses the modulo operator to check if the cube root of `a` is an integer. If the result is 0, then `a` is a cube.

For example:
```
>>> is_cube(8)
True
>>> is_cube(27)
True
>>> is_cube(64)
False
```
Note that this function assumes that the input is always valid, meaning that it will always receive an integer value. If the input is not an integer, the function will raise a `TypeError`.</s>  ```
def is_cube(a):
    x = a ** (1/3)
    return x == int(x)
```
This function first calculates the cube root of the input integer `a` using the `**` operator. The `int(x)` function is then used to round the result to the nearest integer, and the resulting integer is then compared to the original input using the `==` operator. If the two values are equal, the function returns `True`, otherwise it returns `False`.

For example:
```
>>> is_cube(8)
True
>>> is_cube(27)
True
>>> is_cube(64)
True
>>> is_cube(125)
False
```
This function will return `True` if the input integer is a cube, and `False` otherwise.</s>  ```
def is_cube(a):
    return a**(1/3) % 1 == 0
```
This function uses the `**` operator to compute the cube root of the input `a`, and then uses the modulo operator (`%`) to check if the result is equal to 0. If the result is 0, then the input `a` is a cube.

Note: The `**` operator is used to raise a number to the power of another number. In this case, we are raising the input `a` to the power of 1/3. The `1/3` is a fraction, which is used to compute the cube root. The `%` operator is used to check if the result of the operation is equal to 0, which indicates that the input `a` is a cube.

Here is an example usage of the function:
```
>>> is_cube(1)
True
>>> is_cube(8)
True
>>> is_cube(27)
True
>>> is_cube(64)
False
```
This function passes all the test cases.</s>  ```
def is_cube(a):
    return a ** (1/3) % 1 == 0
```
This function uses the fact that a number is a cube if and only if its cube root is an integer. The `% 1` operation checks whether the cube root is an integer or not.

Here are some test cases to demonstrate the function's behavior:
```
assert is_cube(1) == True
assert is_cube(8) == True
assert is_cube(27) == True
assert is_cube(64) == True
assert is_cube(125) == False
assert is_cube(216) == False
assert is_cube(729) == False
```</s>  ```
def is_cube(a):
    return a ** (1/3) % 1 == 0
```
This function uses the mathematical property of a cube that the cube root of a cube is always an integer. The function checks if the cube root of the input integer is an integer, which means that the input is a cube.

Here is an example of how the function can be used:
```
print(is_cube(1))  # Output: True
print(is_cube(8))  # Output: True
print(is_cube(27))  # Output: True
print(is_cube(64))  # Output: False
```
This function is based on the mathematical property of a cube and uses the modulo operator to check if the cube root of the input integer is an integer.

Note: This function assumes that the input is always valid and can be used as-is without any additional checks.</s>  ```
def is_cube(a):
    x = a ** (1/3)
    return x == int(x)
```
This function raises a ValueError if the input is not a valid integer.

Here's an example usage of the function:
```
print(is_cube(125))  # prints True
print(is_cube(64))   # prints True
print(is_cube(13))   # prints False
```</s>  ```
def is_cube(a):
    return a ** (1/3) % 1 == 0
```
This function uses the built-in `pow` function to calculate the cube root of the input, and then checks if the result is a whole number using the modulo operator. If the result is a whole number, then the input is a cube.

For example:
```
print(is_cube(8)) # True
print(is_cube(27)) # True
print(is_cube(64)) # False
```</s>  ```
def is_cube(a):
    return a**(1/3) % 1 == 0
```
This function takes an integer `a` and returns `True` if it is a cube. It does this by raising `a` to the power of 1/3 and checking if the result is an integer. If it is, then the number is a cube. The `% 1` is used to check if the result is an integer.

Here is an example of the function in use:
```
>>> is_cube(1)
True
>>> is_cube(8)
True
>>> is_cube(27)
True
>>> is_cube(64)
False
```</s>
-------------------
Final reponse: None