Prompt: Return a string containing spaced numbers from 0 to n inclusive.
-------------------
  ```
from hypothesis import given, strategies

def property_test(candidate_function) -> None:

    @given(strategies.integers(min_value=0, max_value=100))
    def property_1(n):
        assert candidate_function(n) == " ".join(map(str, range(n+1)))

    @given(strategies.integers(min_value=0, max_value=100))
    def property_2(n):
        assert candidate_function(n).count(" ") == n

    @given(strategies.integers(min_value=0, max_value=100))
    def property_3(n):
        assert candidate_function(n).split(" ")[0] == "0"

    @given(strategies.integers(min_value=0, max_value=100))
    def property_4(n):
        assert candidate_function(n).split(" ")[-1] == str(n)

    return [property_1, property_2, property_3, property_4]
```</s>  ```
def generate_spaced_numbers(n):
    return " ".join(map(str, range(n+1)))
```
This code uses the `range` function to generate a range of numbers from 0 to `n` inclusive, and then uses the `join` method to join them together with spaces. The resulting string is then returned.

Here is an example of how the code can be used:
```
>>> generate_spaced_numbers(5)
'0 1 2 3 4 5'
```</s>  ```
def spaced_numbers(n):
    return " ".join(map(str, range(n+1)))
```
This function uses the `map()` function to apply the `str()` function to each element of the range of numbers from 0 to `n`, inclusive, and then joins the resulting strings with spaces using the `join()` method. The resulting string is then returned.

For example, if we call the function with `n=5`, the function will return the string `"0 1 2 3 4 5"`.

Note that this function will work for any positive integer value of `n`, including large values.

You can test the function as follows:
```
print(spaced_numbers(5))  # Output: "0 1 2 3 4 5"
print(spaced_numbers(10))  # Output: "0 1 2 3 4 5 6 7 8 9 10"
```</s>  ```
def get_spaced_numbers(n):
    return " ".join(str(i) for i in range(n+1))
```
This code uses the `range()` function to generate a sequence of numbers from 0 to n, and then uses a list comprehension to convert each number to a string and join them with spaces using the `" ".join()` method. The `str()` function is used to convert the numbers to strings.

Here is an example of how this function can be used:
```
print(get_spaced_numbers(5))
# Output: '0 1 2 3 4 5'
```</s>  ```
def get_spaced_numbers(n):
    return " ".join(str(i) for i in range(n+1))
```
This function uses the `range()` function to generate a list of numbers from 0 to `n` inclusive, and then uses the `join()` method to join the elements of the list with a space between them. The resulting string is returned.

Here are some examples of how the function can be used:
```
>>> get_spaced_numbers(0)
'0'
>>> get_spaced_numbers(3)
'0 1 2 3'
>>> get_spaced_numbers(5)
'0 1 2 3 4 5'
```</s>  ```
def get_spaced_numbers(n):
    return ' '.join(map(str, range(n+1)))
```

Here's an explanation of the code:

1. The `range()` function generates a list of numbers from 0 to `n` (inclusive).
2. The `map()` function applies the `str()` function to each element of the list, which converts each number to a string.
3. The `join()` function takes the list of strings and joins them together with spaces.
4. The resulting string is returned.

For example, if `n=5`, the function would return the string `'0 1 2 3 4 5'`.

Note that this function assumes that `n` is a non-negative integer. If `n` is not an integer, the function will raise a `ValueError`.</s>  ```
def generate_spaced_numbers(n):
    return ' '.join(str(i) for i in range(n+1))
```
Here's an example usage of the function:
```
print(generate_spaced_numbers(5))  # Output: '0 1 2 3 4 5'
```
This function uses the `range()` function to generate a sequence of numbers from 0 to `n`, and then uses a list comprehension to convert each number to a string and join them with spaces. The resulting string is then returned.

Note that this function assumes that `n` is a non-negative integer. If you want to handle negative values of `n`, you can modify the function accordingly.</s>  ```
def get_spaced_numbers(n):
    return " ".join(map(str, range(n+1)))
```
This code uses the `range` function to generate a list of numbers from 0 to `n` inclusive, and then uses the `join` method to join the list with spaces. The `map` function is used to convert each number to a string before it is joined.

For example, if `n` is 5, the function will return the string "0 1 2 3 4 5".

Note: This function will only work for positive integers. If `n` is not a positive integer, the function will raise a `ValueError`.</s>  ```
def get_spaced_numbers(n):
    return " ".join(map(str, range(n+1)))
```
This code uses the `range` function to generate a list of numbers from 0 to `n` inclusive, and then uses the `join` method of the `str` class to join the list of numbers with spaces. The resulting string is then returned.

For example:
```
>>> get_spaced_numbers(5)
'0 1 2 3 4 5'
```
Note that the `map` function is used to apply the `str` function to each element of the list returned by `range`. This is necessary because `range` returns a list of integers, and we want to convert each integer to a string.</s>  ```
def generate_spaced_numbers(n):
    return " ".join(map(str, range(n+1)))
```
This function generates a string containing the numbers from 0 to n inclusive, separated by spaces. The `map` function is used to apply the `str` function to each element of the `range` object, which generates a sequence of numbers from 0 to n inclusive. The resulting list is then joined using the `join` method, which returns a string containing the elements of the list separated by the specified separator (in this case, a space).</s>  ```
def space_numbers(n):
    return " ".join(map(str, range(n+1)))
```
This code uses the built-in `range()` function to generate a list of numbers from 0 to `n` inclusive, and the `join()` method to join them with spaces. The `map()` function is used to apply the `str()` function to each number in the list, converting them to strings. Finally, the resulting string is returned.

Here is an example of how to use this function:
```
print(space_numbers(5))  # Output: "0 1 2 3 4 5"
```
This code will print a string containing the numbers from 0 to 5, spaced apart by a single space.</s>
GOOD TEST EVALUATION RESULTS: {'    @given(strategies.integers(min_value=0, max_value=100))\n    def property_1(n):\n        assert candidate_function(n) == " ".join(map(str, range(n+1)))': 1.0, '    @given(strategies.integers(min_value=0, max_value=100))\n    def property_2(n):\n        assert candidate_function(n).count(" ") == n': 1.0, '    @given(strategies.integers(min_value=0, max_value=100))\n    def property_3(n):\n        assert candidate_function(n).split(" ")[0] == "0"': 1.0, '    @given(strategies.integers(min_value=0, max_value=100))\n    def property_4(n):\n        assert candidate_function(n).split(" ")[-1] == str(n)': 1.0}
BEST SAMPLE ON GOOD TESTS: ('\ndef space_numbers(n):\n    return " ".join(map(str, range(n+1)))\n', 1.0)

CURRENT BEST CANDIDATE: ('\ndef space_numbers(n):\n    return " ".join(map(str, range(n+1)))\n', 1.0)
**********************


-------------------
Final reponse: 
def space_numbers(n):
    return " ".join(map(str, range(n+1)))
